[demos.creative-tim.com/paper-kit-2-pro/presentation.html]
[demos.creative-tim.com/paper-kit-2-pro/assets/img/apple-icon.png]
[backblue.gif]
[fade.gif]
[index.html]
[demos.creative-tim.com/paper-kit-2-pro/assets/img/favicon.png]
[raw.githubusercontent.com/creativetimofficial/public-assets/master/paper-kit-2-pro-html/opt_pk2p_thumbnail.jpg]
[maxcdn.bootstrapcdn.com/font-awesome/latest/css/font-awesome.min.css]
[demos.creative-tim.com/paper-kit-2-pro/assets/css/bootstrap.min.css]
[demos.creative-tim.com/paper-kit-2-pro/assets/demo/demo.css]
[demos.creative-tim.com/paper-kit-2-pro/assets/css/paper-kit.min7317.css]
[www.google-analytics.com/analytics.js]
[demos.creative-tim.com/paper-kit-2-pro/index.html]
[demos.creative-tim.com/paper-kit-2-pro/docs/1.0/getting-started/introduction.html]
[demos.creative-tim.com/paper-kit-2-pro/sections.html]
[demos.creative-tim.com/paper-kit-2-pro/examples/about-us.html]
[demos.creative-tim.com/paper-kit-2-pro/examples/add-product.html]
[demos.creative-tim.com/paper-kit-2-pro/examples/blog-post.html]
[demos.creative-tim.com/paper-kit-2-pro/examples/blog-posts.html]
[demos.creative-tim.com/paper-kit-2-pro/examples/contact-us.html]
[demos.creative-tim.com/paper-kit-2-pro/examples/discover.html]
[demos.creative-tim.com/paper-kit-2-pro/examples/ecommerce.html]
[demos.creative-tim.com/paper-kit-2-pro/examples/landing-page.html]
[demos.creative-tim.com/paper-kit-2-pro/examples/login-page.html]
[demos.creative-tim.com/paper-kit-2-pro/examples/product-page.html]
[demos.creative-tim.com/paper-kit-2-pro/examples/profile-page.html]
[demos.creative-tim.com/paper-kit-2-pro/examples/register-page.html]
[demos.creative-tim.com/paper-kit-2-pro/examples/search-with-sidebar.html]
[demos.creative-tim.com/paper-kit-2-pro/examples/settings.html]
[demos.creative-tim.com/paper-kit-2-pro/examples/twitter-redesign.html]
[demos.creative-tim.com/paper-kit-2-pro/assets/img/sections/pk-pro-cover.jpg]
[demos.creative-tim.com/paper-kit-2-pro/assets/img/sections/fog-low.png]
[demos.creative-tim.com/paper-kit-2-pro/assets/img/creative-tim-white-slim2.png]
[demos.creative-tim.com/paper-kit-2-pro/assets/img/presentation-page/laptop-basic.png]
[demos.creative-tim.com/paper-kit-2-pro/assets/img/presentation-page/table.jpg]
[demos.creative-tim.com/paper-kit-2-pro/assets/img/presentation-page/share-btn.png]
[demos.creative-tim.com/paper-kit-2-pro/assets/img/presentation-page/coloured-card-with-btn.png]
[demos.creative-tim.com/paper-kit-2-pro/assets/img/presentation-page/coloured-card.png]
[demos.creative-tim.com/paper-kit-2-pro/assets/img/presentation-page/social-row.png]
[demos.creative-tim.com/paper-kit-2-pro/assets/img/presentation-page/pin-btn.png]
[demos.creative-tim.com/paper-kit-2-pro/assets/img/presentation-page/try/purple-card.png]
[demos.creative-tim.com/paper-kit-2-pro/assets/img/presentation-page/try/twitter-card.jpg]
[demos.creative-tim.com/paper-kit-2-pro/assets/img/presentation-page/try/facebook-card.jpg]
[demos.creative-tim.com/paper-kit-2-pro/assets/img/presentation-page/try/pricing-card.jpg]
[demos.creative-tim.com/paper-kit-2-pro/assets/img/presentation-page/try/blog-card.jpg]
[demos.creative-tim.com/paper-kit-2-pro/assets/img/presentation-page/try/capture.jpg]
[demos.creative-tim.com/paper-kit-2-pro/assets/img/presentation-page/try/team-card.jpg]
[demos.creative-tim.com/paper-kit-2-pro/assets/img/presentation-page/try/testimonal-card.jpg]
[demos.creative-tim.com/paper-kit-2-pro/assets/img/presentation-page/try/pricing-card-icon.jpg]
[demos.creative-tim.com/paper-kit-2-pro/assets/img/presentation-page/ipad-content-2.png]
[demos.creative-tim.com/paper-kit-2-pro/assets/img/presentation-page/ipad-left-img.jpg]
[demos.creative-tim.com/paper-kit-2-pro/assets/img/presentation-page/ipad-right-img.jpg]
[demos.creative-tim.com/paper-kit-2-pro/assets/img/presentation-page/screenshots/header-1.jpg]
[demos.creative-tim.com/paper-kit-2-pro/assets/img/presentation-page/screenshots/header-2.jpg]
[demos.creative-tim.com/paper-kit-2-pro/assets/img/presentation-page/screenshots/header-3.jpg]
[demos.creative-tim.com/paper-kit-2-pro/assets/img/presentation-page/screenshots/header-4.jpg]
[demos.creative-tim.com/paper-kit-2-pro/assets/img/presentation-page/screenshots/team-cards-social.jpg]
[demos.creative-tim.com/paper-kit-2-pro/assets/img/presentation-page/screenshots/bg-pricing-card.jpg]
[demos.creative-tim.com/paper-kit-2-pro/assets/img/presentation-page/screenshots/white-pricing-card.jpg]
[demos.creative-tim.com/paper-kit-2-pro/assets/img/presentation-page/screenshots/team-member-card.jpg]
[demos.creative-tim.com/paper-kit-2-pro/assets/img/presentation-page/screenshots/testimonials-1.jpg]
[demos.creative-tim.com/paper-kit-2-pro/assets/img/presentation-page/screenshots/blog-bg-cards.jpg]
[demos.creative-tim.com/paper-kit-2-pro/assets/img/presentation-page/screenshots/our-products.jpg]
[demos.creative-tim.com/paper-kit-2-pro/assets/img/presentation-page/screenshots/projects-cards.jpg]
[demos.creative-tim.com/paper-kit-2-pro/assets/img/presentation-page/screenshots/blogpost-cards.jpg]
[demos.creative-tim.com/paper-kit-2-pro/assets/img/presentation-page/screenshots/blogpost-2-cards.jpg]
[demos.creative-tim.com/paper-kit-2-pro/assets/img/presentation-page/screenshots/coloured-picind-card.jpg]
[demos.creative-tim.com/paper-kit-2-pro/assets/img/presentation-page/screenshots/team-3.jpg]
[demos.creative-tim.com/paper-kit-2-pro/assets/img/presentation-page/examples/twitter.png]
[demos.creative-tim.com/paper-kit-2-pro/examples/422.html]
[demos.creative-tim.com/paper-kit-2-pro/assets/img/presentation-page/examples/422.png]
[demos.creative-tim.com/paper-kit-2-pro/assets/img/presentation-page/examples/discover.png]
[demos.creative-tim.com/paper-kit-2-pro/examples/login.html]
[demos.creative-tim.com/paper-kit-2-pro/assets/img/presentation-page/examples/login-page.png]
[demos.creative-tim.com/paper-kit-2-pro/assets/img/presentation-page/examples/blog-post.png]
[demos.creative-tim.com/paper-kit-2-pro/assets/img/presentation-page/examples/settings.png]
[demos.creative-tim.com/paper-kit-2-pro/assets/img/presentation-page/examples/register.png]
[demos.creative-tim.com/paper-kit-2-pro/assets/img/presentation-page/examples/profile.png]
[demos.creative-tim.com/paper-kit-2-pro/assets/img/presentation-page/examples/product.png]
[demos.creative-tim.com/paper-kit-2-pro/assets/img/presentation-page/examples/contact-us.png]
[demos.creative-tim.com/paper-kit-2-pro/assets/img/presentation-page/examples/search.png]
[demos.creative-tim.com/paper-kit-2-pro/examples/404.html]
[demos.creative-tim.com/paper-kit-2-pro/assets/img/presentation-page/examples/404.png]
[demos.creative-tim.com/paper-kit-2-pro/assets/img/presentation-page/examples/add-product.png]
[demos.creative-tim.com/paper-kit-2-pro/assets/img/presentation-page/examples/about-us.png]
[demos.creative-tim.com/paper-kit-2-pro/assets/img/presentation-page/examples/blog-posts.png]
[demos.creative-tim.com/paper-kit-2-pro/examples/500.html]
[demos.creative-tim.com/paper-kit-2-pro/assets/img/presentation-page/examples/500.png]
[demos.creative-tim.com/paper-kit-2-pro/assets/img/presentation-page/examples/landing.png]
[demos.creative-tim.com/paper-kit-2-pro/assets/img/presentation-page/examples/ecommerce.png]
[demos.creative-tim.com/paper-kit-2-pro/assets/img/presentation-page/examples/more-brown.png]
[demos.creative-tim.com/paper-kit-2-pro/nucleo-icons.html]
[demos.creative-tim.com/paper-kit-2-pro/assets/img/presentation-page/responsive.png]
[s3.amazonaws.com/creativetim_bucket/photos/139481/thumb47ae.jpg]
[s3.amazonaws.com/creativetim_bucket/photos/152441/thumb7503.jpg]
[s3.amazonaws.com/creativetim_bucket/photos/77627/thumb653f.jpg]
[s3.amazonaws.com/uifaces/faces/twitter/mlane/128.jpg]
[s3.amazonaws.com/creativetim_bucket/photos/125268/thumbaf08.jpg]
[s3.amazonaws.com/creativetim_bucket/photos/123334/thumb8cd6.jpg]
[s3.amazonaws.com/creativetim_bucket/photos/18/thumbc4d4.png]
[demos.creative-tim.com/paper-kit-2-pro/assets/img/demo/vodafone.jpg]
[demos.creative-tim.com/paper-kit-2-pro/assets/img/demo/microsoft.jpg]
[demos.creative-tim.com/paper-kit-2-pro/assets/img/demo/harvard.jpg]
[demos.creative-tim.com/paper-kit-2-pro/assets/img/demo/stanford.jpg]
[demos.creative-tim.com/paper-kit-2-pro/assets/js/core/jquery.min.js]
[demos.creative-tim.com/paper-kit-2-pro/assets/js/core/popper.min.js]
[demos.creative-tim.com/paper-kit-2-pro/assets/js/core/bootstrap.min.js]
[demos.creative-tim.com/paper-kit-2-pro/assets/js/plugins/bootstrap-switch.js]
[demos.creative-tim.com/paper-kit-2-pro/assets/js/plugins/nouislider.min.js]
[demos.creative-tim.com/paper-kit-2-pro/assets/js/plugins/moment.min.js]
[demos.creative-tim.com/paper-kit-2-pro/assets/js/plugins/bootstrap-tagsinput.js]
[demos.creative-tim.com/paper-kit-2-pro/assets/js/plugins/bootstrap-selectpicker.js]
[demos.creative-tim.com/paper-kit-2-pro/assets/js/plugins/bootstrap-datetimepicker.js]
[demos.creative-tim.com/paper-kit-2-pro/assets/js/plugins/presentation-page/main.js]
[demos.creative-tim.com/paper-kit-2-pro/assets/js/plugins/photo_swipe/photoswipe.min.js]
[demos.creative-tim.com/paper-kit-2-pro/assets/js/plugins/photo_swipe/photoswipe-ui-default.min.js]
[demos.creative-tim.com/paper-kit-2-pro/assets/js/plugins/photo_swipe/init-gallery.js]
[demos.creative-tim.com/paper-kit-2-pro/assets/js/plugins/jasny-bootstrap.min.js]
[demos.creative-tim.com/paper-kit-2-pro/assets/js/paper-kit.min7317.js]
[demos.creative-tim.com/paper-kit-2-pro/assets/demo/jquery.sharrre.js]
[demos.creative-tim.com/paper-kit-2-pro/presentation.html]
[maxcdn.bootstrapcdn.com/font-awesome/latest/css/font-awesome.min.css]
[demos.creative-tim.com/paper-kit-2-pro/assets/css/bootstrap.min.css]
[connect.facebook.net/en_US/fbevents.js]
[static.tumblr.com/i21wc39/coTmrkw40/shadow.png]
[demos.creative-tim.com/assets/img/photo_swipe/default-skin.png]
[demos.creative-tim.com/paper-kit-2-pro/assets/css/preloader.gif]
[demos.creative-tim.com/paper-kit-2-pro/assets/img/ink.png]
[demos.creative-tim.com/paper-kit-2-pro/assets/css/{{ path-general }}/assets/img{{ site.product_path }}/farid-askerov.jpg]
[demos.creative-tim.com/paper-kit-2-pro/assets/fonts/nucleo-icons.eot]
[demos.creative-tim.com/paper-kit-2-pro/assets/fonts/nucleo-icons.woff2]
[demos.creative-tim.com/paper-kit-2-pro/assets/fonts/nucleo-icons.woff]
[demos.creative-tim.com/paper-kit-2-pro/assets/fonts/nucleo-icons.ttf]
[demos.creative-tim.com/paper-kit-2-pro/assets/fonts/nucleo-icons.svg]
[demos.creative-tim.com/paper-kit-2-pro/assets/css/paper-kit.min7317.css]
[demos.creative-tim.com/paper-kit-2-pro/assets/demo/demo.css]
[www.googletagmanager.com/gtm5445.html]
[demos.creative-tim.com/paper-kit-2-pro/assets/img/cover.jpg]
[demos.creative-tim.com/paper-kit-2-pro/assets/img/faces/joe-gardner-2.jpg]
[demos.creative-tim.com/paper-kit-2-pro/assets/img/faces/erik-lucatero-2.jpg]
[demos.creative-tim.com/paper-kit-2-pro/assets/img/sections/uriel-soberanes.jpg]
[demos.creative-tim.com/paper-kit-2-pro/assets/img/faces/kaci-baum-2.jpg]
[demos.creative-tim.com/paper-kit-2-pro/assets/img/tables/agenda.png]
[demos.creative-tim.com/paper-kit-2-pro/assets/img/tables/stylus.jpg]
[demos.creative-tim.com/paper-kit-2-pro/assets/img/tables/evernote.png]
[demos.creative-tim.com/paper-kit-2-pro/assets/img/faces/clem-onojeghuo-2.jpg]
[demos.creative-tim.com/paper-kit-2-pro/assets/img/faces/ayo-ogunseinde-2.jpg]
[demos.creative-tim.com/paper-kit-2-pro/assets/img/gallery/outfit-gucci.jpg]
[demos.creative-tim.com/paper-kit-2-pro/assets/img/gallery/outfit-paul-smith.jpg]
[demos.creative-tim.com/paper-kit-2-pro/assets/img/gallery/outfit-maison-margiela.jpg]
[demos.creative-tim.com/paper-kit-2-pro/assets/img/gallery/outfit-burberry.jpg]
[demos.creative-tim.com/paper-kit-2-pro/assets/img/gallery/ressence.jpg]
[demos.creative-tim.com/paper-kit-2-pro/assets/img/gallery/gucci-sun.jpg]
[demos.creative-tim.com/paper-kit-2-pro/assets/img/gallery/bottega.jpg]
[demos.creative-tim.com/paper-kit-2-pro/assets/img/gallery/bracelet.jpg]
[demos.creative-tim.com/paper-kit-2-pro/assets/img/image_placeholder.jpg]
[demos.creative-tim.com/paper-kit-2-pro/assets/img/placeholder.jpg]
[demos.creative-tim.com/paper-kit-2-pro/assets/img/sections/pedro-lastra.jpg]
[demos.creative-tim.com/paper-kit-2-pro/assets/img/sections/fabio-mangione.jpg]
[demos.creative-tim.com/paper-kit-2-pro/assets/img/sections/neill-kumar.jpg]
[demos.creative-tim.com/paper-kit-2-pro/assets/img/sections/anders-jilden.jpg]
[demos.creative-tim.com/paper-kit-2-pro/assets/img/sections/rawpixel-com.jpg]
[demos.creative-tim.com/paper-kit-2-pro/assets/img/sections/david-marcu.jpg]
[demos.creative-tim.com/paper-kit-2-pro/assets/img/rihanna.jpg]
[demos.creative-tim.com/paper-kit-2-pro/assets/img/sections/mika-matin.jpg]
[demos.creative-tim.com/paper-kit-2-pro/assets/img/sections/leonard-cotte.jpg]
[demos.creative-tim.com/paper-kit-2-pro/assets/img/sections/angelo-pantazis.jpg]
[demos.creative-tim.com/paper-kit-2-pro/assets/img/sections/pavel-kosov.jpg]
[demos.creative-tim.com/paper-kit-2-pro/assets/img/sections/ilya-yakover.jpg]
[demos.creative-tim.com/paper-kit-2-pro/assets/img/faces/clem-onojeghuo-3.jpg]
[demos.creative-tim.com/paper-kit-2-pro/assets/img/sections/rawpixel-coms.jpg]
[demos.creative-tim.com/paper-kit-2-pro/assets/img/sections/joshua-stannard.jpg]
[demos.creative-tim.com/paper-kit-2-pro/assets/img/balmain-1.jpg]
[demos.creative-tim.com/paper-kit-2-pro/assets/img/balmain-2.jpg]
[demos.creative-tim.com/paper-kit-2-pro/assets/img/balmain-3.jpg]
[demos.creative-tim.com/paper-kit-2-pro/index.html]
[cdn.jsdelivr.net/docsearch.js/2/docsearch.min.css]
[demos.creative-tim.com/paper-kit-2-pro/assets/demo/docs.min.css]
[demos.creative-tim.com/paper-kit-2-pro/docs/1.0/getting-started/file-structure.html]
[demos.creative-tim.com/paper-kit-2-pro/docs/1.0/getting-started/build-tools.html]
[demos.creative-tim.com/paper-kit-2-pro/docs/1.0/components/alerts.html]
[demos.creative-tim.com/paper-kit-2-pro/docs/1.0/components/badge.html]
[demos.creative-tim.com/paper-kit-2-pro/docs/1.0/components/breadcrumb.html]
[demos.creative-tim.com/paper-kit-2-pro/docs/1.0/components/buttons.html]
[demos.creative-tim.com/paper-kit-2-pro/docs/1.0/components/card.html]
[demos.creative-tim.com/paper-kit-2-pro/docs/1.0/components/carousel.html]
[demos.creative-tim.com/paper-kit-2-pro/docs/1.0/components/collapse.html]
[demos.creative-tim.com/paper-kit-2-pro/docs/1.0/components/dropdowns.html]
[demos.creative-tim.com/paper-kit-2-pro/docs/1.0/components/forms.html]
[demos.creative-tim.com/paper-kit-2-pro/docs/1.0/components/google-maps.html]
[demos.creative-tim.com/paper-kit-2-pro/docs/1.0/components/info-areas.html]
[demos.creative-tim.com/paper-kit-2-pro/docs/1.0/components/images.html]
[demos.creative-tim.com/paper-kit-2-pro/docs/1.0/components/modal.html]
[demos.creative-tim.com/paper-kit-2-pro/docs/1.0/components/navs.html]
[demos.creative-tim.com/paper-kit-2-pro/docs/1.0/components/nucleo-icons.html]
[demos.creative-tim.com/paper-kit-2-pro/docs/1.0/components/navbar.html]
[demos.creative-tim.com/paper-kit-2-pro/docs/1.0/components/pagination.html]
[demos.creative-tim.com/paper-kit-2-pro/docs/1.0/components/parallax.html]
[demos.creative-tim.com/paper-kit-2-pro/docs/1.0/components/popovers.html]
[demos.creative-tim.com/paper-kit-2-pro/docs/1.0/components/progress.html]
[demos.creative-tim.com/paper-kit-2-pro/docs/1.0/components/tables.html]
[demos.creative-tim.com/paper-kit-2-pro/docs/1.0/components/tooltips.html]
[demos.creative-tim.com/paper-kit-2-pro/docs/1.0/components/typography.html]
[demos.creative-tim.com/paper-kit-2-pro/docs/1.0/plugins/datetimepicker.html]
[demos.creative-tim.com/paper-kit-2-pro/docs/1.0/plugins/bootstrap-switch.html]
[demos.creative-tim.com/paper-kit-2-pro/docs/1.0/plugins/fileupload-jasny.html]
[demos.creative-tim.com/paper-kit-2-pro/docs/1.0/plugins/jquery-tagsinput.html]
[demos.creative-tim.com/paper-kit-2-pro/docs/1.0/plugins/photoswipe.html]
[demos.creative-tim.com/paper-kit-2-pro/docs/1.0/plugins/select-bootstrap.html]
[demos.creative-tim.com/paper-kit-2-pro/docs/1.0/plugins/sliders.html]
[demos.creative-tim.com/paper-kit-2-pro/assets/demo/docs.min.js]
[demos.creative-tim.com/paper-kit-2-pro/assets/demo/vendor/anchor.min.js]
[demos.creative-tim.com/paper-kit-2-pro/assets/demo/vendor/clipboard.min.js]
[demos.creative-tim.com/paper-kit-2-pro/assets/demo/vendor/holder.min.js]
[demos.creative-tim.com/paper-kit-2-pro/assets/demo/src/application.js]
[demos.creative-tim.com/paper-kit-2-pro/docs/1.0/getting-started/introduction.html]
[demos.creative-tim.com/paper-kit-2-pro/www.creative-tim.com]
[demos.creative-tim.com/paper-kit-2-pro/assets/img/video-placeholder.png]
[demos.creative-tim.com/paper-kit-2-pro/assets/video/fireworks.mp4]
[demos.creative-tim.com/paper-kit-2-pro/assets/img/sections/jan-sendereks.jpg]
[demos.creative-tim.com/paper-kit-2-pro/sections.html]
[demos.creative-tim.com/paper-kit-2-pro/examples/about-us.html]
[demos.creative-tim.com/paper-kit-2-pro/examples/add-product.html]
[demos.creative-tim.com/paper-kit-2-pro/examples/blog-post.html]
[demos.creative-tim.com/paper-kit-2-pro/assets/img/sections/iphone.png]
[demos.creative-tim.com/paper-kit-2-pro/examples/blog-posts.html]
[demos.creative-tim.com/paper-kit-2-pro/examples/contact-us.html]
[demos.creative-tim.com/paper-kit-2-pro/assets/img/sections/daniel-olahs.jpg]
